[     221ms] [LOG] %c Console Ninja extension is connected to Next.js browser, background: rgb(30,30,30); color: rgb(255,213,92) see https://tinyurl.com/2vt8jxzw for more info. @ :0
[     228ms] [INFO] %cDownload the React DevTools for a better development experience: https://react.dev/link/react-devtools font-weight:bold @ http://localhost:3001/_next/static/chunks/1dyb_next_dist_1tnlzyy._.js:2487
[     248ms] [LOG] [HMR] connected @ http://localhost:3001/_next/static/chunks/1dyb_next_dist_1tnlzyy._.js:2487
[   28278ms] [LOG] [Fast Refresh] rebuilding @ http://localhost:3001/_next/static/chunks/1dyb_next_dist_1tnlzyy._.js:2487
[   28367ms] [LOG] [Fast Refresh] done in 189ms @ http://localhost:3001/_next/static/chunks/1dyb_next_dist_1tnlzyy._.js:2487
[   28570ms] [LOG] [Fast Refresh] rebuilding @ http://localhost:3001/_next/static/chunks/1dyb_next_dist_1tnlzyy._.js:2487
[   28851ms] [LOG] [Fast Refresh] done in 383ms @ http://localhost:3001/_next/static/chunks/1dyb_next_dist_1tnlzyy._.js:2487
[   84955ms] [LOG] [Fast Refresh] rebuilding @ http://localhost:3001/_next/static/chunks/1dyb_next_dist_1tnlzyy._.js:2487
[   85034ms] [LOG] [Fast Refresh] done in 152ms @ http://localhost:3001/_next/static/chunks/1dyb_next_dist_1tnlzyy._.js:2487
[  104809ms] [LOG] [Fast Refresh] rebuilding @ http://localhost:3001/_next/static/chunks/1dyb_next_dist_1tnlzyy._.js:2487
[  104871ms] [LOG] [Fast Refresh] done in 91ms @ http://localhost:3001/_next/static/chunks/1dyb_next_dist_1tnlzyy._.js:2487
[  118313ms] [LOG] [Fast Refresh] rebuilding @ http://localhost:3001/_next/static/chunks/1dyb_next_dist_1tnlzyy._.js:2487
[  118495ms] [WARNING] [Fast Refresh] performing full reload

Fast Refresh will perform a full reload when you edit a file that's imported by modules outside of the React rendering tree.
You might have a file which exports a React component but also exports a value that is imported by a non-React component file.
Consider migrating the non-React component export to a separate file and importing it into both files.

It is also possible the parent component of the component you edited is a class component, which disables Fast Refresh.
Fast Refresh requires at least one parent function component in your React tree. @ http://localhost:3001/_next/static/chunks/1dyb_next_dist_1tnlzyy._.js:2487
[  118569ms] [WARNING] [Fast Refresh] performing full reload

Fast Refresh will perform a full reload when you edit a file that's imported by modules outside of the React rendering tree.
You might have a file which exports a React component but also exports a value that is imported by a non-React component file.
Consider migrating the non-React component export to a separate file and importing it into both files.

It is also possible the parent component of the component you edited is a class component, which disables Fast Refresh.
Fast Refresh requires at least one parent function component in your React tree. @ http://localhost:3001/_next/static/chunks/1dyb_next_dist_1tnlzyy._.js:2487
[  118571ms] [LOG] [Fast Refresh] done in 366ms @ http://localhost:3001/_next/static/chunks/1dyb_next_dist_1tnlzyy._.js:2487
[  118828ms] [LOG] [Fast Refresh] rebuilding @ http://localhost:3001/_next/static/chunks/1dyb_next_dist_1tnlzyy._.js:2487
[  118986ms] [LOG] [Fast Refresh] done in 260ms @ http://localhost:3001/_next/static/chunks/1dyb_next_dist_1tnlzyy._.js:2487
[  119100ms] [LOG] [Fast Refresh] rebuilding @ http://localhost:3001/_next/static/chunks/1dyb_next_dist_1tnlzyy._.js:2487
[  119598ms] [LOG] [Fast Refresh] done in 600ms @ http://localhost:3001/_next/static/chunks/1dyb_next_dist_1tnlzyy._.js:2487
[  120217ms] [LOG] %c Console Ninja extension is connected to Next.js browser, background: rgb(30,30,30); color: rgb(255,213,92) see https://tinyurl.com/2vt8jxzw for more info. @ :0
[  120227ms] [INFO] %cDownload the React DevTools for a better development experience: https://react.dev/link/react-devtools font-weight:bold @ http://localhost:3001/_next/static/chunks/1dyb_next_dist_1tnlzyy._.js:2487
[  120257ms] [LOG] [HMR] connected @ http://localhost:3001/_next/static/chunks/1dyb_next_dist_1tnlzyy._.js:2487
[  126676ms] [LOG] [Fast Refresh] rebuilding @ http://localhost:3001/_next/static/chunks/1dyb_next_dist_1tnlzyy._.js:2487
[  126891ms] [LOG] [Fast Refresh] done in 105ms @ http://localhost:3001/_next/static/chunks/1dyb_next_dist_1tnlzyy._.js:2487
[  130643ms] [LOG] [Fast Refresh] rebuilding @ http://localhost:3001/_next/static/chunks/1dyb_next_dist_1tnlzyy._.js:2487
[  130726ms] [LOG] [Fast Refresh] done in 181ms @ http://localhost:3001/_next/static/chunks/1dyb_next_dist_1tnlzyy._.js:2487
[  130854ms] [LOG] [Fast Refresh] rebuilding @ http://localhost:3001/_next/static/chunks/1dyb_next_dist_1tnlzyy._.js:2487
[  131098ms] [LOG] [Fast Refresh] done in 346ms @ http://localhost:3001/_next/static/chunks/1dyb_next_dist_1tnlzyy._.js:2487
[  133390ms] [LOG] [Fast Refresh] rebuilding @ http://localhost:3001/_next/static/chunks/1dyb_next_dist_1tnlzyy._.js:2487
[  133395ms] [LOG] [Fast Refresh] done in 111ms @ http://localhost:3001/_next/static/chunks/1dyb_next_dist_1tnlzyy._.js:2487
[  151987ms] [LOG] [Fast Refresh] rebuilding @ http://localhost:3001/_next/static/chunks/1dyb_next_dist_1tnlzyy._.js:2487
[  151992ms] [LOG] [Fast Refresh] done in 109ms @ http://localhost:3001/_next/static/chunks/1dyb_next_dist_1tnlzyy._.js:2487
