[     128ms] [LOG] [Fast Refresh] rebuilding @ http://localhost:3001/_next/static/chunks/1dyb_next_dist_1tnlzyy._.js:2487
[     457ms] [LOG] [Fast Refresh] done in 434ms @ http://localhost:3001/_next/static/chunks/1dyb_next_dist_1tnlzyy._.js:2487
[     617ms] [LOG] %c Console Ninja extension is connected to Next.js browser, background: rgb(30,30,30); color: rgb(255,213,92) see https://tinyurl.com/2vt8jxzw for more info. @ :0
[     629ms] [INFO] %cDownload the React DevTools for a better development experience: https://react.dev/link/react-devtools font-weight:bold @ http://localhost:3001/_next/static/chunks/1dyb_next_dist_1tnlzyy._.js:2487
[     672ms] [LOG] [HMR] connected @ http://localhost:3001/_next/static/chunks/1dyb_next_dist_1tnlzyy._.js:2487
[    1405ms] [ERROR] Failed to load resource: the server responded with a status of 404 (Not Found) @ http://localhost:3001/razas/schnauzer.png:0
[   10609ms] [LOG] [Fast Refresh] rebuilding @ http://localhost:3001/_next/static/chunks/1dyb_next_dist_1tnlzyy._.js:2487
[   10617ms] [LOG] [Fast Refresh] done in 108ms @ http://localhost:3001/_next/static/chunks/1dyb_next_dist_1tnlzyy._.js:2487
[   10648ms] [ERROR] Failed to load resource: the server responded with a status of 404 (Not Found) @ http://localhost:3001/razas/bulldog-frances.png:0
[   10653ms] [ERROR] Failed to load resource: the server responded with a status of 404 (Not Found) @ http://localhost:3001/razas/dogo-chileno.png:0
[   10782ms] [LOG] [Fast Refresh] rebuilding @ http://localhost:3001/_next/static/chunks/1dyb_next_dist_1tnlzyy._.js:2487
[   11024ms] [LOG] [Fast Refresh] done in 348ms @ http://localhost:3001/_next/static/chunks/1dyb_next_dist_1tnlzyy._.js:2487
[   11078ms] [ERROR] Failed to load resource: the server responded with a status of 404 (Not Found) @ http://localhost:3001/razas/golden-retriever.png:0
[   11094ms] [ERROR] Failed to load resource: the server responded with a status of 404 (Not Found) @ http://localhost:3001/razas/labrador.png:0
[   11121ms] [ERROR] Failed to load resource: the server responded with a status of 404 (Not Found) @ http://localhost:3001/razas/pastor-aleman.png:0
[   11130ms] [LOG] [Fast Refresh] rebuilding @ http://localhost:3001/_next/static/chunks/1dyb_next_dist_1tnlzyy._.js:2487
[   11137ms] [ERROR] Failed to load resource: the server responded with a status of 404 (Not Found) @ http://localhost:3001/razas/san-bernardo.png:0
[   11673ms] [LOG] [Fast Refresh] done in 648ms @ http://localhost:3001/_next/static/chunks/1dyb_next_dist_1tnlzyy._.js:2487
[   11703ms] [ERROR] Failed to load resource: the server responded with a status of 404 (Not Found) @ http://localhost:3001/razas/terranova.png:0
[   11720ms] [ERROR] Failed to load resource: the server responded with a status of 404 (Not Found) @ http://localhost:3001/razas/quiltro.png:0
[   11805ms] [LOG] [Fast Refresh] rebuilding @ http://localhost:3001/_next/static/chunks/1dyb_next_dist_1tnlzyy._.js:2487
[   11911ms] [LOG] [Fast Refresh] done in 208ms @ http://localhost:3001/_next/static/chunks/1dyb_next_dist_1tnlzyy._.js:2487
[   11920ms] [ERROR] Failed to load resource: the server responded with a status of 404 (Not Found) @ http://localhost:3001/razas/pastor-ingles.png:0
[   11922ms] [ERROR] Failed to load resource: the server responded with a status of 404 (Not Found) @ http://localhost:3001/razas/ovejero-magallanico.png:0
[   11925ms] [ERROR] Failed to load resource: the server responded with a status of 404 (Not Found) @ http://localhost:3001/razas/samoyedo.png:0
[   39065ms] [LOG] [Fast Refresh] rebuilding @ http://localhost:3001/_next/static/chunks/1dyb_next_dist_1tnlzyy._.js:2487
[   39532ms] [LOG] [Fast Refresh] done in 568ms @ http://localhost:3001/_next/static/chunks/1dyb_next_dist_1tnlzyy._.js:2487
[   53980ms] [LOG] [Fast Refresh] rebuilding @ http://localhost:3001/_next/static/chunks/1dyb_next_dist_1tnlzyy._.js:2487
[   54340ms] [LOG] [Fast Refresh] done in 464ms @ http://localhost:3001/_next/static/chunks/1dyb_next_dist_1tnlzyy._.js:2487
[   87581ms] [ERROR] WebSocket connection to 'ws://localhost:3001/_next/webpack-hmr?id=wFmyPOCkroCVmnE1XhRUi' failed: Error in connection establishment: net::ERR_CONNECTION_REFUSED @ http://localhost:3001/_next/static/chunks/1dyb_next_dist_client_20wbk4l._.js:13422
[   90944ms] [ERROR] WebSocket connection to 'ws://localhost:3001/_next/webpack-hmr?id=wFmyPOCkroCVmnE1XhRUi' failed: Error in connection establishment: net::ERR_CONNECTION_REFUSED @ http://localhost:3001/_next/static/chunks/1dyb_next_dist_client_20wbk4l._.js:13422
[   94304ms] [ERROR] WebSocket connection to 'ws://localhost:3001/_next/webpack-hmr?id=wFmyPOCkroCVmnE1XhRUi' failed: Error in connection establishment: net::ERR_CONNECTION_REFUSED @ http://localhost:3001/_next/static/chunks/1dyb_next_dist_client_20wbk4l._.js:13422
[   97663ms] [ERROR] WebSocket connection to 'ws://localhost:3001/_next/webpack-hmr?id=wFmyPOCkroCVmnE1XhRUi' failed: Error in connection establishment: net::ERR_CONNECTION_REFUSED @ http://localhost:3001/_next/static/chunks/1dyb_next_dist_client_20wbk4l._.js:13422
[   99881ms] [LOG] [HMR] connected @ http://localhost:3001/_next/static/chunks/1dyb_next_dist_1tnlzyy._.js:2487
[  109109ms] [LOG] %c Console Ninja extension is connected to Next.js browser, background: rgb(30,30,30); color: rgb(255,213,92) see https://tinyurl.com/2vt8jxzw for more info. @ :0
[  109126ms] [INFO] %cDownload the React DevTools for a better development experience: https://react.dev/link/react-devtools font-weight:bold @ http://localhost:3001/_next/static/chunks/1dyb_next_dist_1tnlzyy._.js:2487
[  109208ms] [LOG] [HMR] connected @ http://localhost:3001/_next/static/chunks/1dyb_next_dist_1tnlzyy._.js:2487
[  119157ms] [LOG] [Fast Refresh] rebuilding @ http://localhost:3001/_next/static/chunks/1dyb_next_dist_1tnlzyy._.js:2487
[  119449ms] [LOG] [Fast Refresh] done in 400ms @ http://localhost:3001/_next/static/chunks/1dyb_next_dist_1tnlzyy._.js:2487
[  121009ms] [LOG] [Fast Refresh] rebuilding @ http://localhost:3001/_next/static/chunks/1dyb_next_dist_1tnlzyy._.js:2487
[  121296ms] [LOG] [Fast Refresh] done in 392ms @ http://localhost:3001/_next/static/chunks/1dyb_next_dist_1tnlzyy._.js:2487
[  121364ms] [ERROR] Failed to load resource: the server responded with a status of 404 (Not Found) @ http://localhost:3001/razas/bulldog-frances.png:0
[  121368ms] [ERROR] Failed to load resource: the server responded with a status of 404 (Not Found) @ http://localhost:3001/razas/schnauzer.png:0
[  121369ms] [ERROR] Failed to load resource: the server responded with a status of 404 (Not Found) @ http://localhost:3001/razas/dogo-chileno.png:0
[  123246ms] [LOG] [Fast Refresh] rebuilding @ http://localhost:3001/_next/static/chunks/1dyb_next_dist_1tnlzyy._.js:2487
[  123282ms] [LOG] [Fast Refresh] done in 140ms @ http://localhost:3001/_next/static/chunks/1dyb_next_dist_1tnlzyy._.js:2487
[  123342ms] [ERROR] Failed to load resource: the server responded with a status of 404 (Not Found) @ http://localhost:3001/razas/golden-retriever.png:0
[  123343ms] [ERROR] Failed to load resource: the server responded with a status of 404 (Not Found) @ http://localhost:3001/razas/labrador.png:0
[  123346ms] [ERROR] Failed to load resource: the server responded with a status of 404 (Not Found) @ http://localhost:3001/razas/pastor-aleman.png:0
[  123383ms] [ERROR] Failed to load resource: the server responded with a status of 404 (Not Found) @ http://localhost:3001/razas/san-bernardo.png:0
[  123391ms] [ERROR] Failed to load resource: the server responded with a status of 404 (Not Found) @ http://localhost:3001/razas/terranova.png:0
[  123393ms] [ERROR] Failed to load resource: the server responded with a status of 404 (Not Found) @ http://localhost:3001/razas/quiltro.png:0
[  124336ms] [ERROR] Failed to load resource: the server responded with a status of 404 (Not Found) @ http://localhost:3001/razas/pastor-ingles.png:0
[  124344ms] [ERROR] Failed to load resource: the server responded with a status of 404 (Not Found) @ http://localhost:3001/razas/samoyedo.png:0
[  124348ms] [ERROR] Failed to load resource: the server responded with a status of 404 (Not Found) @ http://localhost:3001/razas/ovejero-magallanico.png:0
