[    1153ms] [LOG] %c Console Ninja extension is connected to Next.js browser, background: rgb(30,30,30); color: rgb(255,213,92) see https://tinyurl.com/2vt8jxzw for more info. @ :0
[    1202ms] [INFO] %cDownload the React DevTools for a better development experience: https://react.dev/link/react-devtools font-weight:bold @ http://localhost:3001/_next/static/chunks/1dyb_next_dist_1tnlzyy._.js:2487
[    1361ms] [LOG] [HMR] connected @ http://localhost:3001/_next/static/chunks/1dyb_next_dist_1tnlzyy._.js:2487
[   21577ms] [LOG] [Fast Refresh] rebuilding @ http://localhost:3001/_next/static/chunks/1dyb_next_dist_1tnlzyy._.js:2487
[   21893ms] [LOG] [Fast Refresh] done in 417ms @ http://localhost:3001/_next/static/chunks/1dyb_next_dist_1tnlzyy._.js:2487
[   36741ms] [LOG] [Fast Refresh] rebuilding @ http://localhost:3001/_next/static/chunks/1dyb_next_dist_1tnlzyy._.js:2487
[   36854ms] [LOG] [Fast Refresh] done in 217ms @ http://localhost:3001/_next/static/chunks/1dyb_next_dist_1tnlzyy._.js:2487
[   36869ms] [ERROR] Failed to load resource: the server responded with a status of 404 (Not Found) @ http://localhost:3001/razas/tamanos/toy.png:0
[   36869ms] [ERROR] Failed to load resource: the server responded with a status of 404 (Not Found) @ http://localhost:3001/razas/tamanos/pequeno.png:0
[   36870ms] [ERROR] Failed to load resource: the server responded with a status of 404 (Not Found) @ http://localhost:3001/razas/tamanos/mediano.png:0
[   38634ms] [LOG] [Fast Refresh] rebuilding @ http://localhost:3001/_next/static/chunks/1dyb_next_dist_1tnlzyy._.js:2487
[   38685ms] [LOG] [Fast Refresh] done in 151ms @ http://localhost:3001/_next/static/chunks/1dyb_next_dist_1tnlzyy._.js:2487
[   38792ms] [ERROR] Failed to load resource: the server responded with a status of 404 (Not Found) @ http://localhost:3001/razas/chihuahua.png:0
[   38794ms] [ERROR] Failed to load resource: the server responded with a status of 404 (Not Found) @ http://localhost:3001/razas/pomerania.png:0
[   38796ms] [ERROR] Failed to load resource: the server responded with a status of 404 (Not Found) @ http://localhost:3001/razas/yorkshire.png:0
[   38805ms] [ERROR] Failed to load resource: the server responded with a status of 404 (Not Found) @ http://localhost:3001/razas/bichon-frise.png:0
[   38806ms] [ERROR] Failed to load resource: the server responded with a status of 404 (Not Found) @ http://localhost:3001/razas/shih-tzu.png:0
[   38807ms] [ERROR] Failed to load resource: the server responded with a status of 404 (Not Found) @ http://localhost:3001/razas/poodle.png:0
[   38925ms] [LOG] [Fast Refresh] rebuilding @ http://localhost:3001/_next/static/chunks/1dyb_next_dist_1tnlzyy._.js:2487
[   38948ms] [LOG] [Fast Refresh] done in 123ms @ http://localhost:3001/_next/static/chunks/1dyb_next_dist_1tnlzyy._.js:2487
[   38948ms] [ERROR] Failed to load resource: the server responded with a status of 404 (Not Found) @ http://localhost:3001/razas/beagle.png:0
[   38950ms] [ERROR] Failed to load resource: the server responded with a status of 404 (Not Found) @ http://localhost:3001/razas/cocker-spaniel.png:0
[   38951ms] [ERROR] Failed to load resource: the server responded with a status of 404 (Not Found) @ http://localhost:3001/razas/schnauzer.png:0
[   39100ms] [LOG] [Fast Refresh] rebuilding @ http://localhost:3001/_next/static/chunks/1dyb_next_dist_1tnlzyy._.js:2487
[   39135ms] [LOG] [Fast Refresh] done in 135ms @ http://localhost:3001/_next/static/chunks/1dyb_next_dist_1tnlzyy._.js:2487
[   39215ms] [ERROR] Failed to load resource: the server responded with a status of 404 (Not Found) @ http://localhost:3001/razas/poodle-toy.png:0
[   39219ms] [ERROR] Failed to load resource: the server responded with a status of 404 (Not Found) @ http://localhost:3001/razas/dachshund-mini.png:0
[   39284ms] [ERROR] Failed to load resource: the server responded with a status of 404 (Not Found) @ http://localhost:3001/razas/fox-terrier.png:0
[   39284ms] [ERROR] Failed to load resource: the server responded with a status of 404 (Not Found) @ http://localhost:3001/razas/terrier-chileno.png:0
[   39301ms] [ERROR] Failed to load resource: the server responded with a status of 404 (Not Found) @ http://localhost:3001/razas/dachshund.png:0
[   39301ms] [ERROR] Failed to load resource: the server responded with a status of 404 (Not Found) @ http://localhost:3001/razas/bulldog-frances.png:0
[   39516ms] [LOG] [Fast Refresh] rebuilding @ http://localhost:3001/_next/static/chunks/1dyb_next_dist_1tnlzyy._.js:2487
[   39565ms] [LOG] [Fast Refresh] done in 152ms @ http://localhost:3001/_next/static/chunks/1dyb_next_dist_1tnlzyy._.js:2487
[   39613ms] [ERROR] Failed to load resource: the server responded with a status of 404 (Not Found) @ http://localhost:3001/razas/dogo-chileno.png:0
[   39634ms] [ERROR] Failed to load resource: the server responded with a status of 404 (Not Found) @ http://localhost:3001/razas/tamanos/grande.png:0
[   39638ms] [ERROR] Failed to load resource: the server responded with a status of 404 (Not Found) @ http://localhost:3001/razas/tamanos/gigante.png:0
[   40583ms] [ERROR] Failed to load resource: the server responded with a status of 404 (Not Found) @ http://localhost:3001/razas/golden-retriever.png:0
[   40639ms] [ERROR] Failed to load resource: the server responded with a status of 404 (Not Found) @ http://localhost:3001/razas/labrador.png:0
[   40639ms] [ERROR] Failed to load resource: the server responded with a status of 404 (Not Found) @ http://localhost:3001/razas/pastor-aleman.png:0
[   40669ms] [ERROR] Failed to load resource: the server responded with a status of 404 (Not Found) @ http://localhost:3001/razas/pastor-ingles.png:0
[   40673ms] [ERROR] Failed to load resource: the server responded with a status of 404 (Not Found) @ http://localhost:3001/razas/samoyedo.png:0
[   40684ms] [ERROR] Failed to load resource: the server responded with a status of 404 (Not Found) @ http://localhost:3001/razas/ovejero-magallanico.png:0
[   40810ms] [LOG] [Fast Refresh] rebuilding @ http://localhost:3001/_next/static/chunks/1dyb_next_dist_1tnlzyy._.js:2487
[   40820ms] [LOG] [Fast Refresh] done in 119ms @ http://localhost:3001/_next/static/chunks/1dyb_next_dist_1tnlzyy._.js:2487
[   40855ms] [ERROR] Failed to load resource: the server responded with a status of 404 (Not Found) @ http://localhost:3001/razas/san-bernardo.png:0
[   40855ms] [ERROR] Failed to load resource: the server responded with a status of 404 (Not Found) @ http://localhost:3001/razas/terranova.png:0
[   40864ms] [ERROR] Failed to load resource: the server responded with a status of 404 (Not Found) @ http://localhost:3001/razas/quiltro.png:0
[   44428ms] [LOG] [Fast Refresh] rebuilding @ http://localhost:3001/_next/static/chunks/1dyb_next_dist_1tnlzyy._.js:2487
[   44486ms] [LOG] [Fast Refresh] done in 158ms @ http://localhost:3001/_next/static/chunks/1dyb_next_dist_1tnlzyy._.js:2487
[   44528ms] [ERROR] Failed to load resource: the server responded with a status of 404 (Not Found) @ http://localhost:3001/razas/tamanos/toy.png:0
[   44534ms] [ERROR] Failed to load resource: the server responded with a status of 404 (Not Found) @ http://localhost:3001/razas/tamanos/pequeno.png:0
[   44535ms] [ERROR] Failed to load resource: the server responded with a status of 404 (Not Found) @ http://localhost:3001/razas/tamanos/mediano.png:0
[   44557ms] [ERROR] Failed to load resource: the server responded with a status of 404 (Not Found) @ http://localhost:3001/razas/tamanos/grande.png:0
[   44568ms] [ERROR] Failed to load resource: the server responded with a status of 404 (Not Found) @ http://localhost:3001/razas/tamanos/gigante.png:0
[   58244ms] [WARNING] Detected `scroll-behavior: smooth` on the `<html>` element. To disable smooth scrolling during route transitions, add `data-scroll-behavior="smooth"` to your <html> element. Learn more: https://nextjs.org/docs/messages/missing-data-scroll-behavior @ http://localhost:3001/_next/static/chunks/1dyb_next_dist_1tnlzyy._.js:2487
[   58416ms] [LOG] [Fast Refresh] rebuilding @ http://localhost:3001/_next/static/chunks/1dyb_next_dist_1tnlzyy._.js:2487
[   58418ms] [LOG] [Fast Refresh] done in 107ms @ http://localhost:3001/_next/static/chunks/1dyb_next_dist_1tnlzyy._.js:2487
[   66192ms] [ERROR] Failed to load resource: the server responded with a status of 404 (Not Found) @ http://localhost:3001/razas/pomerania.png:0
[   73509ms] [ERROR] Failed to load resource: the server responded with a status of 404 (Not Found) @ http://localhost:3001/razas/tamanos/toy.png:0
[   73530ms] [ERROR] Failed to load resource: the server responded with a status of 404 (Not Found) @ http://localhost:3001/razas/tamanos/pequeno.png:0
[   73578ms] [ERROR] Failed to load resource: the server responded with a status of 404 (Not Found) @ http://localhost:3001/razas/tamanos/mediano.png:0
[   73614ms] [ERROR] Failed to load resource: the server responded with a status of 404 (Not Found) @ http://localhost:3001/razas/tamanos/gigante.png:0
[   73615ms] [ERROR] Failed to load resource: the server responded with a status of 404 (Not Found) @ http://localhost:3001/razas/tamanos/grande.png:0
[   74570ms] [LOG] [Fast Refresh] rebuilding @ http://localhost:3001/_next/static/chunks/1dyb_next_dist_1tnlzyy._.js:2487
[   74828ms] [LOG] [Fast Refresh] done in 366ms @ http://localhost:3001/_next/static/chunks/1dyb_next_dist_1tnlzyy._.js:2487
[  124740ms] [LOG] [Fast Refresh] rebuilding @ http://localhost:3001/_next/static/chunks/1dyb_next_dist_1tnlzyy._.js:2487
[  125220ms] [LOG] [Fast Refresh] done in 582ms @ http://localhost:3001/_next/static/chunks/1dyb_next_dist_1tnlzyy._.js:2487
[  125402ms] [LOG] [Fast Refresh] rebuilding @ http://localhost:3001/_next/static/chunks/1dyb_next_dist_1tnlzyy._.js:2487
[  125449ms] [LOG] [Fast Refresh] done in 152ms @ http://localhost:3001/_next/static/chunks/1dyb_next_dist_1tnlzyy._.js:2487
[  126590ms] [LOG] [Fast Refresh] rebuilding @ http://localhost:3001/_next/static/chunks/1dyb_next_dist_1tnlzyy._.js:2487
[  129279ms] [LOG] [Fast Refresh] done in 2802ms @ http://localhost:3001/_next/static/chunks/1dyb_next_dist_1tnlzyy._.js:2487
[  133980ms] [LOG] [Fast Refresh] rebuilding @ http://localhost:3001/_next/static/chunks/1dyb_next_dist_1tnlzyy._.js:2487
[  134186ms] [LOG] [Fast Refresh] done in 127ms @ http://localhost:3001/_next/static/chunks/1dyb_next_dist_1tnlzyy._.js:2487
[  142944ms] [LOG] [Fast Refresh] rebuilding @ http://localhost:3001/_next/static/chunks/1dyb_next_dist_1tnlzyy._.js:2487
[  143023ms] [LOG] [Fast Refresh] done in 126ms @ http://localhost:3001/_next/static/chunks/1dyb_next_dist_1tnlzyy._.js:2487
[  143129ms] [LOG] [Fast Refresh] rebuilding @ http://localhost:3001/_next/static/chunks/1dyb_next_dist_1tnlzyy._.js:2487
[  143167ms] [LOG] [Fast Refresh] done in 143ms @ http://localhost:3001/_next/static/chunks/1dyb_next_dist_1tnlzyy._.js:2487
[  148067ms] [LOG] [Fast Refresh] rebuilding @ http://localhost:3001/_next/static/chunks/1dyb_next_dist_1tnlzyy._.js:2487
[  148250ms] [LOG] [Fast Refresh] done in 102ms @ http://localhost:3001/_next/static/chunks/1dyb_next_dist_1tnlzyy._.js:2487
[  163020ms] [LOG] [Fast Refresh] rebuilding @ http://localhost:3001/_next/static/chunks/1dyb_next_dist_1tnlzyy._.js:2487
[  163036ms] [LOG] [Fast Refresh] done in 121ms @ http://localhost:3001/_next/static/chunks/1dyb_next_dist_1tnlzyy._.js:2487
[  172916ms] [LOG] [Fast Refresh] rebuilding @ http://localhost:3001/_next/static/chunks/1dyb_next_dist_1tnlzyy._.js:2487
[  172929ms] [LOG] [Fast Refresh] done in 86ms @ http://localhost:3001/_next/static/chunks/1dyb_next_dist_1tnlzyy._.js:2487
[  173063ms] [LOG] [Fast Refresh] rebuilding @ http://localhost:3001/_next/static/chunks/1dyb_next_dist_1tnlzyy._.js:2487
[  173122ms] [LOG] [Fast Refresh] done in 165ms @ http://localhost:3001/_next/static/chunks/1dyb_next_dist_1tnlzyy._.js:2487
[  180570ms] [LOG] [Fast Refresh] rebuilding @ http://localhost:3001/_next/static/chunks/1dyb_next_dist_1tnlzyy._.js:2487
[  183811ms] [LOG] [Fast Refresh] done in 3345ms @ http://localhost:3001/_next/static/chunks/1dyb_next_dist_1tnlzyy._.js:2487
[  184017ms] [LOG] [Fast Refresh] rebuilding @ http://localhost:3001/_next/static/chunks/1dyb_next_dist_1tnlzyy._.js:2487
[  184151ms] [LOG] [Fast Refresh] done in 241ms @ http://localhost:3001/_next/static/chunks/1dyb_next_dist_1tnlzyy._.js:2487
[  184290ms] [LOG] [Fast Refresh] rebuilding @ http://localhost:3001/_next/static/chunks/1dyb_next_dist_1tnlzyy._.js:2487
[  184401ms] [LOG] [Fast Refresh] done in 162ms @ http://localhost:3001/_next/static/chunks/1dyb_next_dist_1tnlzyy._.js:2487
[  184763ms] [LOG] [Fast Refresh] rebuilding @ http://localhost:3001/_next/static/chunks/1dyb_next_dist_1tnlzyy._.js:2487
[  184880ms] [LOG] [Fast Refresh] done in 223ms @ http://localhost:3001/_next/static/chunks/1dyb_next_dist_1tnlzyy._.js:2487
[  186349ms] [LOG] [Fast Refresh] rebuilding @ http://localhost:3001/_next/static/chunks/1dyb_next_dist_1tnlzyy._.js:2487
[  186428ms] [LOG] [Fast Refresh] done in 144ms @ http://localhost:3001/_next/static/chunks/1dyb_next_dist_1tnlzyy._.js:2487
[  186544ms] [LOG] [Fast Refresh] rebuilding @ http://localhost:3001/_next/static/chunks/1dyb_next_dist_1tnlzyy._.js:2487
[  186679ms] [LOG] [Fast Refresh] done in 248ms @ http://localhost:3001/_next/static/chunks/1dyb_next_dist_1tnlzyy._.js:2487
[  196303ms] [LOG] [Fast Refresh] rebuilding @ http://localhost:3001/_next/static/chunks/1dyb_next_dist_1tnlzyy._.js:2487
[  196541ms] [LOG] [Fast Refresh] done in 78ms @ http://localhost:3001/_next/static/chunks/1dyb_next_dist_1tnlzyy._.js:2487
[  198297ms] [LOG] [Fast Refresh] rebuilding @ http://localhost:3001/_next/static/chunks/1dyb_next_dist_1tnlzyy._.js:2487
[  198371ms] [LOG] [Fast Refresh] done in 116ms @ http://localhost:3001/_next/static/chunks/1dyb_next_dist_1tnlzyy._.js:2487
[  198474ms] [LOG] [Fast Refresh] rebuilding @ http://localhost:3001/_next/static/chunks/1dyb_next_dist_1tnlzyy._.js:2487
[  198595ms] [LOG] [Fast Refresh] done in 222ms @ http://localhost:3001/_next/static/chunks/1dyb_next_dist_1tnlzyy._.js:2487
[  200514ms] [LOG] [Fast Refresh] rebuilding @ http://localhost:3001/_next/static/chunks/1dyb_next_dist_1tnlzyy._.js:2487
[  200716ms] [LOG] [Fast Refresh] done in 70ms @ http://localhost:3001/_next/static/chunks/1dyb_next_dist_1tnlzyy._.js:2487
[  202395ms] [LOG] [Fast Refresh] rebuilding @ http://localhost:3001/_next/static/chunks/1dyb_next_dist_1tnlzyy._.js:2487
[  202680ms] [LOG] [Fast Refresh] done in 73ms @ http://localhost:3001/_next/static/chunks/1dyb_next_dist_1tnlzyy._.js:2487
[  204219ms] [LOG] [Fast Refresh] rebuilding @ http://localhost:3001/_next/static/chunks/1dyb_next_dist_1tnlzyy._.js:2487
[  204255ms] [LOG] [Fast Refresh] done in 111ms @ http://localhost:3001/_next/static/chunks/1dyb_next_dist_1tnlzyy._.js:2487
[  204359ms] [LOG] [Fast Refresh] rebuilding @ http://localhost:3001/_next/static/chunks/1dyb_next_dist_1tnlzyy._.js:2487
[  204448ms] [LOG] [Fast Refresh] done in 193ms @ http://localhost:3001/_next/static/chunks/1dyb_next_dist_1tnlzyy._.js:2487
[  213474ms] [LOG] [Fast Refresh] rebuilding @ http://localhost:3001/_next/static/chunks/1dyb_next_dist_1tnlzyy._.js:2487
[  213697ms] [LOG] [Fast Refresh] done in 86ms @ http://localhost:3001/_next/static/chunks/1dyb_next_dist_1tnlzyy._.js:2487
[  216832ms] [LOG] [Fast Refresh] rebuilding @ http://localhost:3001/_next/static/chunks/1dyb_next_dist_1tnlzyy._.js:2487
[  216859ms] [LOG] [Fast Refresh] done in 109ms @ http://localhost:3001/_next/static/chunks/1dyb_next_dist_1tnlzyy._.js:2487
[  216973ms] [LOG] [Fast Refresh] rebuilding @ http://localhost:3001/_next/static/chunks/1dyb_next_dist_1tnlzyy._.js:2487
[  217073ms] [LOG] [Fast Refresh] done in 214ms @ http://localhost:3001/_next/static/chunks/1dyb_next_dist_1tnlzyy._.js:2487
[  219573ms] [LOG] [Fast Refresh] rebuilding @ http://localhost:3001/_next/static/chunks/1dyb_next_dist_1tnlzyy._.js:2487
[  219759ms] [LOG] [Fast Refresh] done in 72ms @ http://localhost:3001/_next/static/chunks/1dyb_next_dist_1tnlzyy._.js:2487
[  222077ms] [LOG] [Fast Refresh] rebuilding @ http://localhost:3001/_next/static/chunks/1dyb_next_dist_1tnlzyy._.js:2487
[  222341ms] [LOG] [Fast Refresh] done in 109ms @ http://localhost:3001/_next/static/chunks/1dyb_next_dist_1tnlzyy._.js:2487
[  235580ms] [LOG] [Fast Refresh] rebuilding @ http://localhost:3001/_next/static/chunks/1dyb_next_dist_1tnlzyy._.js:2487
[  240139ms] [LOG] [Fast Refresh] done in 4673ms @ http://localhost:3001/_next/static/chunks/1dyb_next_dist_1tnlzyy._.js:2487
[  273062ms] [LOG] [Fast Refresh] rebuilding @ http://localhost:3001/_next/static/chunks/1dyb_next_dist_1tnlzyy._.js:2487
[  273079ms] [LOG] [Fast Refresh] done in 122ms @ http://localhost:3001/_next/static/chunks/1dyb_next_dist_1tnlzyy._.js:2487
[  291584ms] [LOG] [Fast Refresh] rebuilding @ http://localhost:3001/_next/static/chunks/1dyb_next_dist_1tnlzyy._.js:2487
[  292004ms] [LOG] [Fast Refresh] done in 535ms @ http://localhost:3001/_next/static/chunks/1dyb_next_dist_1tnlzyy._.js:2487
[  342965ms] [LOG] [Fast Refresh] rebuilding @ http://localhost:3001/_next/static/chunks/1dyb_next_dist_1tnlzyy._.js:2487
[  343328ms] [LOG] [Fast Refresh] done in 479ms @ http://localhost:3001/_next/static/chunks/1dyb_next_dist_1tnlzyy._.js:2487
[  354332ms] [LOG] [Fast Refresh] rebuilding @ http://localhost:3001/_next/static/chunks/1dyb_next_dist_1tnlzyy._.js:2487
[  354363ms] [LOG] [Fast Refresh] done in 131ms @ http://localhost:3001/_next/static/chunks/1dyb_next_dist_1tnlzyy._.js:2487
[  370654ms] [LOG] [Fast Refresh] rebuilding @ http://localhost:3001/_next/static/chunks/1dyb_next_dist_1tnlzyy._.js:2487
[  370671ms] [LOG] [Fast Refresh] done in 122ms @ http://localhost:3001/_next/static/chunks/1dyb_next_dist_1tnlzyy._.js:2487
[  370980ms] [LOG] [Fast Refresh] rebuilding @ http://localhost:3001/_next/static/chunks/1dyb_next_dist_1tnlzyy._.js:2487
[  371040ms] [LOG] [Fast Refresh] done in 168ms @ http://localhost:3001/_next/static/chunks/1dyb_next_dist_1tnlzyy._.js:2487
[  371410ms] [LOG] [Fast Refresh] rebuilding @ http://localhost:3001/_next/static/chunks/1dyb_next_dist_1tnlzyy._.js:2487
[  371423ms] [LOG] [Fast Refresh] done in 122ms @ http://localhost:3001/_next/static/chunks/1dyb_next_dist_1tnlzyy._.js:2487
[  371658ms] [LOG] [Fast Refresh] rebuilding @ http://localhost:3001/_next/static/chunks/1dyb_next_dist_1tnlzyy._.js:2487
[  371669ms] [LOG] [Fast Refresh] done in 113ms @ http://localhost:3001/_next/static/chunks/1dyb_next_dist_1tnlzyy._.js:2487
[  371858ms] [LOG] [Fast Refresh] rebuilding @ http://localhost:3001/_next/static/chunks/1dyb_next_dist_1tnlzyy._.js:2487
[  371892ms] [LOG] [Fast Refresh] done in 140ms @ http://localhost:3001/_next/static/chunks/1dyb_next_dist_1tnlzyy._.js:2487
[  371997ms] [LOG] [Fast Refresh] rebuilding @ http://localhost:3001/_next/static/chunks/1dyb_next_dist_1tnlzyy._.js:2487
[  372036ms] [LOG] [Fast Refresh] done in 141ms @ http://localhost:3001/_next/static/chunks/1dyb_next_dist_1tnlzyy._.js:2487
[  372352ms] [LOG] [Fast Refresh] rebuilding @ http://localhost:3001/_next/static/chunks/1dyb_next_dist_1tnlzyy._.js:2487
[  372632ms] [LOG] [Fast Refresh] done in 392ms @ http://localhost:3001/_next/static/chunks/1dyb_next_dist_1tnlzyy._.js:2487
[  373024ms] [LOG] [Fast Refresh] rebuilding @ http://localhost:3001/_next/static/chunks/1dyb_next_dist_1tnlzyy._.js:2487
[  373117ms] [LOG] [Fast Refresh] done in 198ms @ http://localhost:3001/_next/static/chunks/1dyb_next_dist_1tnlzyy._.js:2487
[  373369ms] [LOG] [Fast Refresh] rebuilding @ http://localhost:3001/_next/static/chunks/1dyb_next_dist_1tnlzyy._.js:2487
[  373390ms] [LOG] [Fast Refresh] done in 124ms @ http://localhost:3001/_next/static/chunks/1dyb_next_dist_1tnlzyy._.js:2487
[  386575ms] [LOG] [Fast Refresh] rebuilding @ http://localhost:3001/_next/static/chunks/1dyb_next_dist_1tnlzyy._.js:2487
[  386822ms] [LOG] [Fast Refresh] done in 357ms @ http://localhost:3001/_next/static/chunks/1dyb_next_dist_1tnlzyy._.js:2487
[  406057ms] [LOG] [Fast Refresh] rebuilding @ http://localhost:3001/_next/static/chunks/1dyb_next_dist_1tnlzyy._.js:2487
[  406093ms] [LOG] [Fast Refresh] done in 108ms @ http://localhost:3001/_next/static/chunks/1dyb_next_dist_1tnlzyy._.js:2487
[  437578ms] [LOG] [Fast Refresh] rebuilding @ http://localhost:3001/_next/static/chunks/1dyb_next_dist_1tnlzyy._.js:2487
[  438062ms] [LOG] [Fast Refresh] done in 585ms @ http://localhost:3001/_next/static/chunks/1dyb_next_dist_1tnlzyy._.js:2487
[  490574ms] [LOG] [Fast Refresh] rebuilding @ http://localhost:3001/_next/static/chunks/1dyb_next_dist_1tnlzyy._.js:2487
[  490841ms] [LOG] [Fast Refresh] done in 378ms @ http://localhost:3001/_next/static/chunks/1dyb_next_dist_1tnlzyy._.js:2487
[  541570ms] [LOG] [Fast Refresh] rebuilding @ http://localhost:3001/_next/static/chunks/1dyb_next_dist_1tnlzyy._.js:2487
[  541816ms] [LOG] [Fast Refresh] done in 358ms @ http://localhost:3001/_next/static/chunks/1dyb_next_dist_1tnlzyy._.js:2487
[  592573ms] [LOG] [Fast Refresh] rebuilding @ http://localhost:3001/_next/static/chunks/1dyb_next_dist_1tnlzyy._.js:2487
[  592942ms] [LOG] [Fast Refresh] done in 471ms @ http://localhost:3001/_next/static/chunks/1dyb_next_dist_1tnlzyy._.js:2487
[  635406ms] [LOG] [Fast Refresh] rebuilding @ http://localhost:3001/_next/static/chunks/1dyb_next_dist_1tnlzyy._.js:2487
[  635406ms] [LOG] [Fast Refresh] done in 109ms @ http://localhost:3001/_next/static/chunks/1dyb_next_dist_1tnlzyy._.js:2487
[  644568ms] [LOG] [Fast Refresh] rebuilding @ http://localhost:3001/_next/static/chunks/1dyb_next_dist_1tnlzyy._.js:2487
[  644855ms] [LOG] [Fast Refresh] done in 392ms @ http://localhost:3001/_next/static/chunks/1dyb_next_dist_1tnlzyy._.js:2487
[  647862ms] [LOG] [Fast Refresh] rebuilding @ http://localhost:3001/_next/static/chunks/1dyb_next_dist_1tnlzyy._.js:2487
[  647951ms] [LOG] [Fast Refresh] done in 199ms @ http://localhost:3001/_next/static/chunks/1dyb_next_dist_1tnlzyy._.js:2487
[  696576ms] [LOG] [Fast Refresh] rebuilding @ http://localhost:3001/_next/static/chunks/1dyb_next_dist_1tnlzyy._.js:2487
[  697063ms] [LOG] [Fast Refresh] done in 589ms @ http://localhost:3001/_next/static/chunks/1dyb_next_dist_1tnlzyy._.js:2487
[  706209ms] [LOG] [Fast Refresh] rebuilding @ http://localhost:3001/_next/static/chunks/1dyb_next_dist_1tnlzyy._.js:2487
[  706292ms] [LOG] [Fast Refresh] done in 231ms @ http://localhost:3001/_next/static/chunks/1dyb_next_dist_1tnlzyy._.js:2487
[  747576ms] [LOG] [Fast Refresh] rebuilding @ http://localhost:3001/_next/static/chunks/1dyb_next_dist_1tnlzyy._.js:2487
[  747824ms] [LOG] [Fast Refresh] done in 362ms @ http://localhost:3001/_next/static/chunks/1dyb_next_dist_1tnlzyy._.js:2487
[  749948ms] [LOG] [Fast Refresh] rebuilding @ http://localhost:3001/_next/static/chunks/1dyb_next_dist_1tnlzyy._.js:2487
[  750031ms] [LOG] [Fast Refresh] done in 234ms @ http://localhost:3001/_next/static/chunks/1dyb_next_dist_1tnlzyy._.js:2487
[  750154ms] [LOG] [Fast Refresh] rebuilding @ http://localhost:3001/_next/static/chunks/1dyb_next_dist_1tnlzyy._.js:2487
[  750293ms] [LOG] [Fast Refresh] done in 257ms @ http://localhost:3001/_next/static/chunks/1dyb_next_dist_1tnlzyy._.js:2487
[  782409ms] [LOG] [Fast Refresh] rebuilding @ http://localhost:3001/_next/static/chunks/1dyb_next_dist_1tnlzyy._.js:2487
[  782619ms] [LOG] [Fast Refresh] done in 88ms @ http://localhost:3001/_next/static/chunks/1dyb_next_dist_1tnlzyy._.js:2487
[  798584ms] [LOG] [Fast Refresh] rebuilding @ http://localhost:3001/_next/static/chunks/1dyb_next_dist_1tnlzyy._.js:2487
[  800760ms] [LOG] [Fast Refresh] done in 2281ms @ http://localhost:3001/_next/static/chunks/1dyb_next_dist_1tnlzyy._.js:2487
[  827918ms] [LOG] [Fast Refresh] rebuilding @ http://localhost:3001/_next/static/chunks/1dyb_next_dist_1tnlzyy._.js:2487
[  827980ms] [LOG] [Fast Refresh] done in 165ms @ http://localhost:3001/_next/static/chunks/1dyb_next_dist_1tnlzyy._.js:2487
[  853599ms] [LOG] [Fast Refresh] rebuilding @ http://localhost:3001/_next/static/chunks/1dyb_next_dist_1tnlzyy._.js:2487
[  854242ms] [LOG] [Fast Refresh] done in 749ms @ http://localhost:3001/_next/static/chunks/1dyb_next_dist_1tnlzyy._.js:2487
[  875049ms] [LOG] [Fast Refresh] rebuilding @ http://localhost:3001/_next/static/chunks/1dyb_next_dist_1tnlzyy._.js:2487
[  875121ms] [LOG] [Fast Refresh] done in 182ms @ http://localhost:3001/_next/static/chunks/1dyb_next_dist_1tnlzyy._.js:2487
[  909359ms] [LOG] [Fast Refresh] rebuilding @ http://localhost:3001/_next/static/chunks/1dyb_next_dist_1tnlzyy._.js:2487
[  909630ms] [LOG] [Fast Refresh] done in 385ms @ http://localhost:3001/_next/static/chunks/1dyb_next_dist_1tnlzyy._.js:2487
[  927952ms] [LOG] [Fast Refresh] rebuilding @ http://localhost:3001/_next/static/chunks/1dyb_next_dist_1tnlzyy._.js:2487
[  928072ms] [LOG] [Fast Refresh] done in 228ms @ http://localhost:3001/_next/static/chunks/1dyb_next_dist_1tnlzyy._.js:2487
[  954643ms] [LOG] [Fast Refresh] rebuilding @ http://localhost:3001/_next/static/chunks/1dyb_next_dist_1tnlzyy._.js:2487
[  954660ms] [LOG] [Fast Refresh] done in 134ms @ http://localhost:3001/_next/static/chunks/1dyb_next_dist_1tnlzyy._.js:2487
[  960597ms] [LOG] [Fast Refresh] rebuilding @ http://localhost:3001/_next/static/chunks/1dyb_next_dist_1tnlzyy._.js:2487
[  961353ms] [LOG] [Fast Refresh] done in 861ms @ http://localhost:3001/_next/static/chunks/1dyb_next_dist_1tnlzyy._.js:2487
[  993721ms] [LOG] [Fast Refresh] rebuilding @ http://localhost:3001/_next/static/chunks/1dyb_next_dist_1tnlzyy._.js:2487
[  993737ms] [LOG] [Fast Refresh] done in 121ms @ http://localhost:3001/_next/static/chunks/1dyb_next_dist_1tnlzyy._.js:2487
[ 1006420ms] [LOG] [Fast Refresh] rebuilding @ http://localhost:3001/_next/static/chunks/1dyb_next_dist_1tnlzyy._.js:2487
[ 1006502ms] [LOG] [Fast Refresh] done in 212ms @ http://localhost:3001/_next/static/chunks/1dyb_next_dist_1tnlzyy._.js:2487
[ 1013617ms] [LOG] [Fast Refresh] rebuilding @ http://localhost:3001/_next/static/chunks/1dyb_next_dist_1tnlzyy._.js:2487
[ 1014346ms] [LOG] [Fast Refresh] done in 831ms @ http://localhost:3001/_next/static/chunks/1dyb_next_dist_1tnlzyy._.js:2487
[ 1028527ms] [LOG] [Fast Refresh] rebuilding @ http://localhost:3001/_next/static/chunks/1dyb_next_dist_1tnlzyy._.js:2487
[ 1028563ms] [LOG] [Fast Refresh] done in 239ms @ http://localhost:3001/_next/static/chunks/1dyb_next_dist_1tnlzyy._.js:2487
[ 1049506ms] [LOG] [Fast Refresh] rebuilding @ http://localhost:3001/_next/static/chunks/1dyb_next_dist_1tnlzyy._.js:2487
[ 1049569ms] [LOG] [Fast Refresh] done in 168ms @ http://localhost:3001/_next/static/chunks/1dyb_next_dist_1tnlzyy._.js:2487
[ 1066644ms] [LOG] [Fast Refresh] rebuilding @ http://localhost:3001/_next/static/chunks/1dyb_next_dist_1tnlzyy._.js:2487
[ 1067652ms] [LOG] [Fast Refresh] done in 1128ms @ http://localhost:3001/_next/static/chunks/1dyb_next_dist_1tnlzyy._.js:2487
[ 1088804ms] [LOG] [Fast Refresh] rebuilding @ http://localhost:3001/_next/static/chunks/1dyb_next_dist_1tnlzyy._.js:2487
[ 1088865ms] [LOG] [Fast Refresh] done in 167ms @ http://localhost:3001/_next/static/chunks/1dyb_next_dist_1tnlzyy._.js:2487
[ 1108763ms] [LOG] [Fast Refresh] rebuilding @ http://localhost:3001/_next/static/chunks/1dyb_next_dist_1tnlzyy._.js:2487
[ 1108855ms] [LOG] [Fast Refresh] done in 208ms @ http://localhost:3001/_next/static/chunks/1dyb_next_dist_1tnlzyy._.js:2487
[ 1119587ms] [LOG] [Fast Refresh] rebuilding @ http://localhost:3001/_next/static/chunks/1dyb_next_dist_1tnlzyy._.js:2487
[ 1120339ms] [LOG] [Fast Refresh] done in 854ms @ http://localhost:3001/_next/static/chunks/1dyb_next_dist_1tnlzyy._.js:2487
[ 1127882ms] [LOG] [Fast Refresh] rebuilding @ http://localhost:3001/_next/static/chunks/1dyb_next_dist_1tnlzyy._.js:2487
[ 1127992ms] [LOG] [Fast Refresh] done in 242ms @ http://localhost:3001/_next/static/chunks/1dyb_next_dist_1tnlzyy._.js:2487
[ 1147651ms] [LOG] [Fast Refresh] rebuilding @ http://localhost:3001/_next/static/chunks/1dyb_next_dist_1tnlzyy._.js:2487
[ 1147708ms] [LOG] [Fast Refresh] done in 166ms @ http://localhost:3001/_next/static/chunks/1dyb_next_dist_1tnlzyy._.js:2487
[ 1172601ms] [LOG] [Fast Refresh] rebuilding @ http://localhost:3001/_next/static/chunks/1dyb_next_dist_1tnlzyy._.js:2487
[ 1173219ms] [LOG] [Fast Refresh] done in 721ms @ http://localhost:3001/_next/static/chunks/1dyb_next_dist_1tnlzyy._.js:2487
[ 1186924ms] [LOG] [Fast Refresh] rebuilding @ http://localhost:3001/_next/static/chunks/1dyb_next_dist_1tnlzyy._.js:2487
[ 1186940ms] [LOG] [Fast Refresh] done in 122ms @ http://localhost:3001/_next/static/chunks/1dyb_next_dist_1tnlzyy._.js:2487
[ 1199677ms] [LOG] [Fast Refresh] rebuilding @ http://localhost:3001/_next/static/chunks/1dyb_next_dist_1tnlzyy._.js:2487
[ 1199885ms] [LOG] [Fast Refresh] done in 314ms @ http://localhost:3001/_next/static/chunks/1dyb_next_dist_1tnlzyy._.js:2487
[ 1219247ms] [LOG] [Fast Refresh] rebuilding @ http://localhost:3001/_next/static/chunks/1dyb_next_dist_1tnlzyy._.js:2487
[ 1219434ms] [LOG] [Fast Refresh] done in 293ms @ http://localhost:3001/_next/static/chunks/1dyb_next_dist_1tnlzyy._.js:2487
[ 1224602ms] [LOG] [Fast Refresh] rebuilding @ http://localhost:3001/_next/static/chunks/1dyb_next_dist_1tnlzyy._.js:2487
[ 1225202ms] [LOG] [Fast Refresh] done in 710ms @ http://localhost:3001/_next/static/chunks/1dyb_next_dist_1tnlzyy._.js:2487
[ 1239441ms] [LOG] [Fast Refresh] rebuilding @ http://localhost:3001/_next/static/chunks/1dyb_next_dist_1tnlzyy._.js:2487
[ 1239442ms] [LOG] [Fast Refresh] done in 114ms @ http://localhost:3001/_next/static/chunks/1dyb_next_dist_1tnlzyy._.js:2487
[ 1275593ms] [LOG] [Fast Refresh] rebuilding @ http://localhost:3001/_next/static/chunks/1dyb_next_dist_1tnlzyy._.js:2487
[ 1276273ms] [LOG] [Fast Refresh] done in 781ms @ http://localhost:3001/_next/static/chunks/1dyb_next_dist_1tnlzyy._.js:2487
[ 1278476ms] [LOG] [Fast Refresh] rebuilding @ http://localhost:3001/_next/static/chunks/1dyb_next_dist_1tnlzyy._.js:2487
[ 1278538ms] [LOG] [Fast Refresh] done in 172ms @ http://localhost:3001/_next/static/chunks/1dyb_next_dist_1tnlzyy._.js:2487
[ 1290725ms] [LOG] [Fast Refresh] rebuilding @ http://localhost:3001/_next/static/chunks/1dyb_next_dist_1tnlzyy._.js:2487
[ 1290843ms] [LOG] [Fast Refresh] done in 234ms @ http://localhost:3001/_next/static/chunks/1dyb_next_dist_1tnlzyy._.js:2487
[ 1310912ms] [LOG] [Fast Refresh] rebuilding @ http://localhost:3001/_next/static/chunks/1dyb_next_dist_1tnlzyy._.js:2487
[ 1310989ms] [LOG] [Fast Refresh] done in 306ms @ http://localhost:3001/_next/static/chunks/1dyb_next_dist_1tnlzyy._.js:2487
[ 1328620ms] [LOG] [Fast Refresh] rebuilding @ http://localhost:3001/_next/static/chunks/1dyb_next_dist_1tnlzyy._.js:2487
[ 1329172ms] [LOG] [Fast Refresh] done in 666ms @ http://localhost:3001/_next/static/chunks/1dyb_next_dist_1tnlzyy._.js:2487
[ 1343706ms] [LOG] [Fast Refresh] rebuilding @ http://localhost:3001/_next/static/chunks/1dyb_next_dist_1tnlzyy._.js:2487
[ 1343767ms] [LOG] [Fast Refresh] done in 166ms @ http://localhost:3001/_next/static/chunks/1dyb_next_dist_1tnlzyy._.js:2487
[ 1380561ms] [LOG] [Fast Refresh] rebuilding @ http://localhost:3001/_next/static/chunks/1dyb_next_dist_1tnlzyy._.js:2487
[ 1380905ms] [LOG] [Fast Refresh] done in 446ms @ http://localhost:3001/_next/static/chunks/1dyb_next_dist_1tnlzyy._.js:2487
[ 1386981ms] [LOG] [Fast Refresh] rebuilding @ http://localhost:3001/_next/static/chunks/1dyb_next_dist_1tnlzyy._.js:2487
[ 1386997ms] [LOG] [Fast Refresh] done in 122ms @ http://localhost:3001/_next/static/chunks/1dyb_next_dist_1tnlzyy._.js:2487
[ 1417539ms] [LOG] [Fast Refresh] rebuilding @ http://localhost:3001/_next/static/chunks/1dyb_next_dist_1tnlzyy._.js:2487
[ 1417601ms] [LOG] [Fast Refresh] done in 169ms @ http://localhost:3001/_next/static/chunks/1dyb_next_dist_1tnlzyy._.js:2487
[ 1431581ms] [LOG] [Fast Refresh] rebuilding @ http://localhost:3001/_next/static/chunks/1dyb_next_dist_1tnlzyy._.js:2487
[ 1431811ms] [LOG] [Fast Refresh] done in 340ms @ http://localhost:3001/_next/static/chunks/1dyb_next_dist_1tnlzyy._.js:2487
[ 1436064ms] [LOG] [Fast Refresh] rebuilding @ http://localhost:3001/_next/static/chunks/1dyb_next_dist_1tnlzyy._.js:2487
[ 1436080ms] [LOG] [Fast Refresh] done in 122ms @ http://localhost:3001/_next/static/chunks/1dyb_next_dist_1tnlzyy._.js:2487
[ 1483580ms] [LOG] [Fast Refresh] rebuilding @ http://localhost:3001/_next/static/chunks/1dyb_next_dist_1tnlzyy._.js:2487
[ 1483797ms] [LOG] [Fast Refresh] done in 326ms @ http://localhost:3001/_next/static/chunks/1dyb_next_dist_1tnlzyy._.js:2487
[ 1489235ms] [LOG] [Fast Refresh] rebuilding @ http://localhost:3001/_next/static/chunks/1dyb_next_dist_1tnlzyy._.js:2487
[ 1489312ms] [LOG] [Fast Refresh] done in 186ms @ http://localhost:3001/_next/static/chunks/1dyb_next_dist_1tnlzyy._.js:2487
[ 1506687ms] [LOG] [Fast Refresh] rebuilding @ http://localhost:3001/_next/static/chunks/1dyb_next_dist_1tnlzyy._.js:2487
[ 1506758ms] [LOG] [Fast Refresh] done in 245ms @ http://localhost:3001/_next/static/chunks/1dyb_next_dist_1tnlzyy._.js:2487
[ 1534574ms] [LOG] [Fast Refresh] rebuilding @ http://localhost:3001/_next/static/chunks/1dyb_next_dist_1tnlzyy._.js:2487
[ 1534845ms] [LOG] [Fast Refresh] done in 381ms @ http://localhost:3001/_next/static/chunks/1dyb_next_dist_1tnlzyy._.js:2487
[ 1586578ms] [LOG] [Fast Refresh] rebuilding @ http://localhost:3001/_next/static/chunks/1dyb_next_dist_1tnlzyy._.js:2487
[ 1586798ms] [LOG] [Fast Refresh] done in 331ms @ http://localhost:3001/_next/static/chunks/1dyb_next_dist_1tnlzyy._.js:2487
[ 1600707ms] [LOG] [Fast Refresh] rebuilding @ http://localhost:3001/_next/static/chunks/1dyb_next_dist_1tnlzyy._.js:2487
[ 1600813ms] [LOG] [Fast Refresh] done in 214ms @ http://localhost:3001/_next/static/chunks/1dyb_next_dist_1tnlzyy._.js:2487
[ 1639581ms] [LOG] [Fast Refresh] rebuilding @ http://localhost:3001/_next/static/chunks/1dyb_next_dist_1tnlzyy._.js:2487
[ 1639832ms] [LOG] [Fast Refresh] done in 359ms @ http://localhost:3001/_next/static/chunks/1dyb_next_dist_1tnlzyy._.js:2487
[ 1668823ms] [LOG] [Fast Refresh] rebuilding @ http://localhost:3001/_next/static/chunks/1dyb_next_dist_1tnlzyy._.js:2487
[ 1668824ms] [LOG] [Fast Refresh] done in 106ms @ http://localhost:3001/_next/static/chunks/1dyb_next_dist_1tnlzyy._.js:2487
[ 1679579ms] [LOG] [Fast Refresh] rebuilding @ http://localhost:3001/_next/static/chunks/1dyb_next_dist_1tnlzyy._.js:2487
[ 1679642ms] [LOG] [Fast Refresh] done in 172ms @ http://localhost:3001/_next/static/chunks/1dyb_next_dist_1tnlzyy._.js:2487
[ 1690584ms] [LOG] [Fast Refresh] rebuilding @ http://localhost:3001/_next/static/chunks/1dyb_next_dist_1tnlzyy._.js:2487
[ 1690862ms] [LOG] [Fast Refresh] done in 385ms @ http://localhost:3001/_next/static/chunks/1dyb_next_dist_1tnlzyy._.js:2487
[ 1695207ms] [LOG] [Fast Refresh] rebuilding @ http://localhost:3001/_next/static/chunks/1dyb_next_dist_1tnlzyy._.js:2487
[ 1695277ms] [LOG] [Fast Refresh] done in 183ms @ http://localhost:3001/_next/static/chunks/1dyb_next_dist_1tnlzyy._.js:2487
[ 1741584ms] [LOG] [Fast Refresh] rebuilding @ http://localhost:3001/_next/static/chunks/1dyb_next_dist_1tnlzyy._.js:2487
[ 1741843ms] [LOG] [Fast Refresh] done in 366ms @ http://localhost:3001/_next/static/chunks/1dyb_next_dist_1tnlzyy._.js:2487
[ 1752380ms] [LOG] [Fast Refresh] rebuilding @ http://localhost:3001/_next/static/chunks/1dyb_next_dist_1tnlzyy._.js:2487
[ 1752381ms] [LOG] [Fast Refresh] done in 105ms @ http://localhost:3001/_next/static/chunks/1dyb_next_dist_1tnlzyy._.js:2487
[ 1765675ms] [LOG] [Fast Refresh] rebuilding @ http://localhost:3001/_next/static/chunks/1dyb_next_dist_1tnlzyy._.js:2487
[ 1765675ms] [LOG] [Fast Refresh] done in 108ms @ http://localhost:3001/_next/static/chunks/1dyb_next_dist_1tnlzyy._.js:2487
[ 1784382ms] [LOG] [Fast Refresh] rebuilding @ http://localhost:3001/_next/static/chunks/1dyb_next_dist_1tnlzyy._.js:2487
[ 1784553ms] [LOG] [Fast Refresh] done in 278ms @ http://localhost:3001/_next/static/chunks/1dyb_next_dist_1tnlzyy._.js:2487
[ 1793585ms] [LOG] [Fast Refresh] rebuilding @ http://localhost:3001/_next/static/chunks/1dyb_next_dist_1tnlzyy._.js:2487
[ 1793956ms] [LOG] [Fast Refresh] done in 478ms @ http://localhost:3001/_next/static/chunks/1dyb_next_dist_1tnlzyy._.js:2487
[ 1807229ms] [LOG] [Fast Refresh] rebuilding @ http://localhost:3001/_next/static/chunks/1dyb_next_dist_1tnlzyy._.js:2487
[ 1807245ms] [LOG] [Fast Refresh] done in 119ms @ http://localhost:3001/_next/static/chunks/1dyb_next_dist_1tnlzyy._.js:2487
[ 1845588ms] [LOG] [Fast Refresh] rebuilding @ http://localhost:3001/_next/static/chunks/1dyb_next_dist_1tnlzyy._.js:2487
[ 1845843ms] [LOG] [Fast Refresh] done in 364ms @ http://localhost:3001/_next/static/chunks/1dyb_next_dist_1tnlzyy._.js:2487
[ 1850799ms] [LOG] [Fast Refresh] rebuilding @ http://localhost:3001/_next/static/chunks/1dyb_next_dist_1tnlzyy._.js:2487
[ 1850800ms] [LOG] [Fast Refresh] done in 106ms @ http://localhost:3001/_next/static/chunks/1dyb_next_dist_1tnlzyy._.js:2487
[ 1897599ms] [LOG] [Fast Refresh] rebuilding @ http://localhost:3001/_next/static/chunks/1dyb_next_dist_1tnlzyy._.js:2487
[ 1898280ms] [LOG] [Fast Refresh] done in 791ms @ http://localhost:3001/_next/static/chunks/1dyb_next_dist_1tnlzyy._.js:2487
