[     263ms] [LOG] [Fast Refresh] rebuilding @ http://localhost:3001/_next/static/chunks/1dyb_next_dist_1tnlzyy._.js:2487
[     652ms] [LOG] [Fast Refresh] done in 494ms @ http://localhost:3001/_next/static/chunks/1dyb_next_dist_1tnlzyy._.js:2487
[     956ms] [ERROR] Failed to load resource: the server responded with a status of 404 (Not Found) @ http://localhost:3001/razas/chihuahua.png:0
[    1007ms] [ERROR] Failed to load resource: the server responded with a status of 404 (Not Found) @ http://localhost:3001/razas/pomerania.png:0
[    1018ms] [ERROR] Failed to load resource: the server responded with a status of 404 (Not Found) @ http://localhost:3001/razas/dachshund-mini.png:0
[    1021ms] [ERROR] Failed to load resource: the server responded with a status of 404 (Not Found) @ http://localhost:3001/razas/poodle-toy.png:0
[    1023ms] [ERROR] Failed to load resource: the server responded with a status of 404 (Not Found) @ http://localhost:3001/razas/yorkshire.png:0
[    1069ms] [ERROR] Failed to load resource: the server responded with a status of 404 (Not Found) @ http://localhost:3001/razas/fox-terrier.png:0
[    1246ms] [LOG] [Fast Refresh] rebuilding @ http://localhost:3001/_next/static/chunks/1dyb_next_dist_1tnlzyy._.js:2487
[    1484ms] [LOG] [Fast Refresh] done in 351ms @ http://localhost:3001/_next/static/chunks/1dyb_next_dist_1tnlzyy._.js:2487
[    1618ms] [ERROR] Failed to load resource: the server responded with a status of 404 (Not Found) @ http://localhost:3001/razas/bichon-frise.png:0
[    1620ms] [ERROR] Failed to load resource: the server responded with a status of 404 (Not Found) @ http://localhost:3001/razas/shih-tzu.png:0
[    1622ms] [ERROR] Failed to load resource: the server responded with a status of 404 (Not Found) @ http://localhost:3001/razas/poodle.png:0
[    1680ms] [ERROR] Failed to load resource: the server responded with a status of 404 (Not Found) @ http://localhost:3001/razas/terrier-chileno.png:0
[    1683ms] [ERROR] Failed to load resource: the server responded with a status of 404 (Not Found) @ http://localhost:3001/razas/dachshund.png:0
[    1698ms] [ERROR] Failed to load resource: the server responded with a status of 404 (Not Found) @ http://localhost:3001/razas/beagle.png:0
[    1849ms] [LOG] [Fast Refresh] rebuilding @ http://localhost:3001/_next/static/chunks/1dyb_next_dist_1tnlzyy._.js:2487
[    2000ms] [LOG] [Fast Refresh] done in 252ms @ http://localhost:3001/_next/static/chunks/1dyb_next_dist_1tnlzyy._.js:2487
[    2147ms] [ERROR] Failed to load resource: the server responded with a status of 404 (Not Found) @ http://localhost:3001/razas/cocker-spaniel.png:0
[    2149ms] [ERROR] Failed to load resource: the server responded with a status of 404 (Not Found) @ http://localhost:3001/razas/schnauzer.png:0
[    2208ms] [ERROR] Failed to load resource: the server responded with a status of 404 (Not Found) @ http://localhost:3001/razas/bulldog-frances.png:0
[    2214ms] [ERROR] Failed to load resource: the server responded with a status of 404 (Not Found) @ http://localhost:3001/razas/dogo-chileno.png:0
[    2224ms] [ERROR] Failed to load resource: the server responded with a status of 404 (Not Found) @ http://localhost:3001/razas/golden-retriever.png:0
[    2376ms] [LOG] [Fast Refresh] rebuilding @ http://localhost:3001/_next/static/chunks/1dyb_next_dist_1tnlzyy._.js:2487
[    2516ms] [LOG] [Fast Refresh] done in 242ms @ http://localhost:3001/_next/static/chunks/1dyb_next_dist_1tnlzyy._.js:2487
[    2718ms] [ERROR] Failed to load resource: the server responded with a status of 404 (Not Found) @ http://localhost:3001/razas/labrador.png:0
[    2782ms] [ERROR] Failed to load resource: the server responded with a status of 404 (Not Found) @ http://localhost:3001/razas/pastor-aleman.png:0
[    2787ms] [ERROR] Failed to load resource: the server responded with a status of 404 (Not Found) @ http://localhost:3001/razas/pastor-ingles.png:0
[    2787ms] [ERROR] Failed to load resource: the server responded with a status of 404 (Not Found) @ http://localhost:3001/razas/samoyedo.png:0
[    2823ms] [ERROR] Failed to load resource: the server responded with a status of 404 (Not Found) @ http://localhost:3001/razas/ovejero-magallanico.png:0
[    3041ms] [LOG] [Fast Refresh] rebuilding @ http://localhost:3001/_next/static/chunks/1dyb_next_dist_1tnlzyy._.js:2487
[    3382ms] [LOG] [Fast Refresh] done in 443ms @ http://localhost:3001/_next/static/chunks/1dyb_next_dist_1tnlzyy._.js:2487
[    3641ms] [ERROR] Failed to load resource: the server responded with a status of 404 (Not Found) @ http://localhost:3001/razas/san-bernardo.png:0
[    3686ms] [ERROR] Failed to load resource: the server responded with a status of 404 (Not Found) @ http://localhost:3001/razas/terranova.png:0
[    3689ms] [ERROR] Failed to load resource: the server responded with a status of 404 (Not Found) @ http://localhost:3001/razas/quiltro.png:0
[   13613ms] [LOG] [Fast Refresh] rebuilding @ http://localhost:3001/_next/static/chunks/1dyb_next_dist_1tnlzyy._.js:2487
[   13770ms] [LOG] [Fast Refresh] done in 259ms @ http://localhost:3001/_next/static/chunks/1dyb_next_dist_1tnlzyy._.js:2487
[   45636ms] [LOG] [Fast Refresh] rebuilding @ http://localhost:3001/_next/static/chunks/1dyb_next_dist_1tnlzyy._.js:2487
[   45900ms] [LOG] [Fast Refresh] done in 366ms @ http://localhost:3001/_next/static/chunks/1dyb_next_dist_1tnlzyy._.js:2487
[   46135ms] [LOG] [Fast Refresh] rebuilding @ http://localhost:3001/_next/static/chunks/1dyb_next_dist_1tnlzyy._.js:2487
[   47084ms] [LOG] [Fast Refresh] done in 1063ms @ http://localhost:3001/_next/static/chunks/1dyb_next_dist_1tnlzyy._.js:2487
[   98112ms] [LOG] [Fast Refresh] rebuilding @ http://localhost:3001/_next/static/chunks/1dyb_next_dist_1tnlzyy._.js:2487
[   98539ms] [LOG] [Fast Refresh] done in 528ms @ http://localhost:3001/_next/static/chunks/1dyb_next_dist_1tnlzyy._.js:2487
[   98670ms] [LOG] [Fast Refresh] rebuilding @ http://localhost:3001/_next/static/chunks/1dyb_next_dist_1tnlzyy._.js:2487
[   98707ms] [LOG] [Fast Refresh] done in 145ms @ http://localhost:3001/_next/static/chunks/1dyb_next_dist_1tnlzyy._.js:2487
[  149114ms] [LOG] [Fast Refresh] rebuilding @ http://localhost:3001/_next/static/chunks/1dyb_next_dist_1tnlzyy._.js:2487
[  149748ms] [LOG] [Fast Refresh] done in 735ms @ http://localhost:3001/_next/static/chunks/1dyb_next_dist_1tnlzyy._.js:2487
[  158091ms] [LOG] [Fast Refresh] rebuilding @ http://localhost:3001/_next/static/chunks/1dyb_next_dist_1tnlzyy._.js:2487
[  158098ms] [LOG] [Fast Refresh] done in 112ms @ http://localhost:3001/_next/static/chunks/1dyb_next_dist_1tnlzyy._.js:2487
[  158669ms] [LOG] [Fast Refresh] rebuilding @ http://localhost:3001/_next/static/chunks/1dyb_next_dist_1tnlzyy._.js:2487
[  160047ms] [LOG] [Fast Refresh] done in 1479ms @ http://localhost:3001/_next/static/chunks/1dyb_next_dist_1tnlzyy._.js:2487
[  161938ms] [LOG] [Fast Refresh] rebuilding @ http://localhost:3001/_next/static/chunks/1dyb_next_dist_1tnlzyy._.js:2487
[  164148ms] [LOG] [Fast Refresh] done in 2315ms @ http://localhost:3001/_next/static/chunks/1dyb_next_dist_1tnlzyy._.js:2487
[  164527ms] [LOG] [Fast Refresh] rebuilding @ http://localhost:3001/_next/static/chunks/1dyb_next_dist_1tnlzyy._.js:2487
[  165801ms] [LOG] [Fast Refresh] done in 1386ms @ http://localhost:3001/_next/static/chunks/1dyb_next_dist_1tnlzyy._.js:2487
[  166028ms] [LOG] [Fast Refresh] rebuilding @ http://localhost:3001/_next/static/chunks/1dyb_next_dist_1tnlzyy._.js:2487
[  168481ms] [LOG] [Fast Refresh] done in 2561ms @ http://localhost:3001/_next/static/chunks/1dyb_next_dist_1tnlzyy._.js:2487
[  172064ms] [LOG] [Fast Refresh] rebuilding @ http://localhost:3001/_next/static/chunks/1dyb_next_dist_1tnlzyy._.js:2487
[  172940ms] [LOG] [Fast Refresh] done in 990ms @ http://localhost:3001/_next/static/chunks/1dyb_next_dist_1tnlzyy._.js:2487
[  173117ms] [LOG] [Fast Refresh] rebuilding @ http://localhost:3001/_next/static/chunks/1dyb_next_dist_1tnlzyy._.js:2487
[  173835ms] [LOG] [Fast Refresh] done in 826ms @ http://localhost:3001/_next/static/chunks/1dyb_next_dist_1tnlzyy._.js:2487
[  174015ms] [LOG] [Fast Refresh] rebuilding @ http://localhost:3001/_next/static/chunks/1dyb_next_dist_1tnlzyy._.js:2487
[  174960ms] [LOG] [Fast Refresh] done in 1054ms @ http://localhost:3001/_next/static/chunks/1dyb_next_dist_1tnlzyy._.js:2487
[  178689ms] [LOG] [Fast Refresh] rebuilding @ http://localhost:3001/_next/static/chunks/1dyb_next_dist_1tnlzyy._.js:2487
[  179142ms] [LOG] [Fast Refresh] done in 556ms @ http://localhost:3001/_next/static/chunks/1dyb_next_dist_1tnlzyy._.js:2487
[  179385ms] [LOG] [Fast Refresh] rebuilding @ http://localhost:3001/_next/static/chunks/1dyb_next_dist_1tnlzyy._.js:2487
[  179925ms] [LOG] [Fast Refresh] done in 654ms @ http://localhost:3001/_next/static/chunks/1dyb_next_dist_1tnlzyy._.js:2487
[  183796ms] [LOG] [Fast Refresh] rebuilding @ http://localhost:3001/_next/static/chunks/1dyb_next_dist_1tnlzyy._.js:2487
[  184241ms] [LOG] [Fast Refresh] done in 546ms @ http://localhost:3001/_next/static/chunks/1dyb_next_dist_1tnlzyy._.js:2487
[  184488ms] [LOG] [Fast Refresh] rebuilding @ http://localhost:3001/_next/static/chunks/1dyb_next_dist_1tnlzyy._.js:2487
[  184628ms] [LOG] [Fast Refresh] done in 246ms @ http://localhost:3001/_next/static/chunks/1dyb_next_dist_1tnlzyy._.js:2487
[  184853ms] [LOG] [Fast Refresh] rebuilding @ http://localhost:3001/_next/static/chunks/1dyb_next_dist_1tnlzyy._.js:2487
[  185090ms] [LOG] [Fast Refresh] done in 349ms @ http://localhost:3001/_next/static/chunks/1dyb_next_dist_1tnlzyy._.js:2487
[  185890ms] [LOG] [Fast Refresh] rebuilding @ http://localhost:3001/_next/static/chunks/1dyb_next_dist_1tnlzyy._.js:2487
[  186859ms] [LOG] [Fast Refresh] done in 1070ms @ http://localhost:3001/_next/static/chunks/1dyb_next_dist_1tnlzyy._.js:2487
[  187392ms] [LOG] [Fast Refresh] rebuilding @ http://localhost:3001/_next/static/chunks/1dyb_next_dist_1tnlzyy._.js:2487
[  187895ms] [LOG] [Fast Refresh] done in 605ms @ http://localhost:3001/_next/static/chunks/1dyb_next_dist_1tnlzyy._.js:2487
[  188320ms] [LOG] [Fast Refresh] rebuilding @ http://localhost:3001/_next/static/chunks/1dyb_next_dist_1tnlzyy._.js:2487
[  188458ms] [LOG] [Fast Refresh] done in 250ms @ http://localhost:3001/_next/static/chunks/1dyb_next_dist_1tnlzyy._.js:2487
[  188579ms] [LOG] [Fast Refresh] rebuilding @ http://localhost:3001/_next/static/chunks/1dyb_next_dist_1tnlzyy._.js:2487
[  188610ms] [LOG] [Fast Refresh] done in 150ms @ http://localhost:3001/_next/static/chunks/1dyb_next_dist_1tnlzyy._.js:2487
[  188845ms] [LOG] [Fast Refresh] rebuilding @ http://localhost:3001/_next/static/chunks/1dyb_next_dist_1tnlzyy._.js:2487
[  189007ms] [LOG] [Fast Refresh] done in 262ms @ http://localhost:3001/_next/static/chunks/1dyb_next_dist_1tnlzyy._.js:2487
[  189217ms] [LOG] [Fast Refresh] rebuilding @ http://localhost:3001/_next/static/chunks/1dyb_next_dist_1tnlzyy._.js:2487
[  189329ms] [LOG] [Fast Refresh] done in 214ms @ http://localhost:3001/_next/static/chunks/1dyb_next_dist_1tnlzyy._.js:2487
[  189604ms] [LOG] [Fast Refresh] rebuilding @ http://localhost:3001/_next/static/chunks/1dyb_next_dist_1tnlzyy._.js:2487
[  189643ms] [LOG] [Fast Refresh] done in 153ms @ http://localhost:3001/_next/static/chunks/1dyb_next_dist_1tnlzyy._.js:2487
[  189753ms] [LOG] [Fast Refresh] rebuilding @ http://localhost:3001/_next/static/chunks/1dyb_next_dist_1tnlzyy._.js:2487
[  189791ms] [LOG] [Fast Refresh] done in 148ms @ http://localhost:3001/_next/static/chunks/1dyb_next_dist_1tnlzyy._.js:2487
[  194572ms] [LOG] [Fast Refresh] rebuilding @ http://localhost:3001/_next/static/chunks/1dyb_next_dist_1tnlzyy._.js:2487
[  194610ms] [LOG] [Fast Refresh] done in 146ms @ http://localhost:3001/_next/static/chunks/1dyb_next_dist_1tnlzyy._.js:2487
[  220104ms] [LOG] [Fast Refresh] rebuilding @ http://localhost:3001/_next/static/chunks/1dyb_next_dist_1tnlzyy._.js:2487
[  220508ms] [LOG] [Fast Refresh] done in 507ms @ http://localhost:3001/_next/static/chunks/1dyb_next_dist_1tnlzyy._.js:2487
[  273240ms] [LOG] [Fast Refresh] rebuilding @ http://localhost:3001/_next/static/chunks/1dyb_next_dist_1tnlzyy._.js:2487
[  274180ms] [LOG] [Fast Refresh] done in 1048ms @ http://localhost:3001/_next/static/chunks/1dyb_next_dist_1tnlzyy._.js:2487
[  324123ms] [LOG] [Fast Refresh] rebuilding @ http://localhost:3001/_next/static/chunks/1dyb_next_dist_1tnlzyy._.js:2487
[  324529ms] [LOG] [Fast Refresh] done in 519ms @ http://localhost:3001/_next/static/chunks/1dyb_next_dist_1tnlzyy._.js:2487
[  377123ms] [LOG] [Fast Refresh] rebuilding @ http://localhost:3001/_next/static/chunks/1dyb_next_dist_1tnlzyy._.js:2487
[  377549ms] [LOG] [Fast Refresh] done in 534ms @ http://localhost:3001/_next/static/chunks/1dyb_next_dist_1tnlzyy._.js:2487
[  430123ms] [LOG] [Fast Refresh] rebuilding @ http://localhost:3001/_next/static/chunks/1dyb_next_dist_1tnlzyy._.js:2487
[  430618ms] [LOG] [Fast Refresh] done in 596ms @ http://localhost:3001/_next/static/chunks/1dyb_next_dist_1tnlzyy._.js:2487
[  483123ms] [LOG] [Fast Refresh] rebuilding @ http://localhost:3001/_next/static/chunks/1dyb_next_dist_1tnlzyy._.js:2487
[  484076ms] [LOG] [Fast Refresh] done in 1063ms @ http://localhost:3001/_next/static/chunks/1dyb_next_dist_1tnlzyy._.js:2487
[  535119ms] [LOG] [Fast Refresh] rebuilding @ http://localhost:3001/_next/static/chunks/1dyb_next_dist_1tnlzyy._.js:2487
[  535879ms] [LOG] [Fast Refresh] done in 866ms @ http://localhost:3001/_next/static/chunks/1dyb_next_dist_1tnlzyy._.js:2487
[  588127ms] [LOG] [Fast Refresh] rebuilding @ http://localhost:3001/_next/static/chunks/1dyb_next_dist_1tnlzyy._.js:2487
[  588541ms] [LOG] [Fast Refresh] done in 522ms @ http://localhost:3001/_next/static/chunks/1dyb_next_dist_1tnlzyy._.js:2487
[  640124ms] [LOG] [Fast Refresh] rebuilding @ http://localhost:3001/_next/static/chunks/1dyb_next_dist_1tnlzyy._.js:2487
[  640640ms] [LOG] [Fast Refresh] done in 621ms @ http://localhost:3001/_next/static/chunks/1dyb_next_dist_1tnlzyy._.js:2487
[  693127ms] [LOG] [Fast Refresh] rebuilding @ http://localhost:3001/_next/static/chunks/1dyb_next_dist_1tnlzyy._.js:2487
[  694146ms] [LOG] [Fast Refresh] done in 1122ms @ http://localhost:3001/_next/static/chunks/1dyb_next_dist_1tnlzyy._.js:2487
[  732126ms] [LOG] [Fast Refresh] rebuilding @ http://localhost:3001/_next/static/chunks/1dyb_next_dist_1tnlzyy._.js:2487
[  732204ms] [LOG] [Fast Refresh] done in 181ms @ http://localhost:3001/_next/static/chunks/1dyb_next_dist_1tnlzyy._.js:2487
[  732336ms] [LOG] [Fast Refresh] rebuilding @ http://localhost:3001/_next/static/chunks/1dyb_next_dist_1tnlzyy._.js:2487
[  732446ms] [LOG] [Fast Refresh] done in 218ms @ http://localhost:3001/_next/static/chunks/1dyb_next_dist_1tnlzyy._.js:2487
[  732669ms] [LOG] [Fast Refresh] rebuilding @ http://localhost:3001/_next/static/chunks/1dyb_next_dist_1tnlzyy._.js:2487
[  733072ms] [LOG] [Fast Refresh] done in 510ms @ http://localhost:3001/_next/static/chunks/1dyb_next_dist_1tnlzyy._.js:2487
[  733218ms] [LOG] [Fast Refresh] rebuilding @ http://localhost:3001/_next/static/chunks/1dyb_next_dist_1tnlzyy._.js:2487
[  733390ms] [LOG] [Fast Refresh] done in 282ms @ http://localhost:3001/_next/static/chunks/1dyb_next_dist_1tnlzyy._.js:2487
[  733530ms] [LOG] [Fast Refresh] rebuilding @ http://localhost:3001/_next/static/chunks/1dyb_next_dist_1tnlzyy._.js:2487
[  733994ms] [LOG] [Fast Refresh] done in 569ms @ http://localhost:3001/_next/static/chunks/1dyb_next_dist_1tnlzyy._.js:2487
[  734237ms] [LOG] [Fast Refresh] rebuilding @ http://localhost:3001/_next/static/chunks/1dyb_next_dist_1tnlzyy._.js:2487
[  734326ms] [LOG] [Fast Refresh] done in 202ms @ http://localhost:3001/_next/static/chunks/1dyb_next_dist_1tnlzyy._.js:2487
[  734553ms] [LOG] [Fast Refresh] rebuilding @ http://localhost:3001/_next/static/chunks/1dyb_next_dist_1tnlzyy._.js:2487
[  734719ms] [LOG] [Fast Refresh] done in 280ms @ http://localhost:3001/_next/static/chunks/1dyb_next_dist_1tnlzyy._.js:2487
[  734858ms] [LOG] [Fast Refresh] rebuilding @ http://localhost:3001/_next/static/chunks/1dyb_next_dist_1tnlzyy._.js:2487
[  735058ms] [LOG] [Fast Refresh] done in 302ms @ http://localhost:3001/_next/static/chunks/1dyb_next_dist_1tnlzyy._.js:2487
[  735274ms] [LOG] [Fast Refresh] rebuilding @ http://localhost:3001/_next/static/chunks/1dyb_next_dist_1tnlzyy._.js:2487
[  735381ms] [LOG] [Fast Refresh] done in 208ms @ http://localhost:3001/_next/static/chunks/1dyb_next_dist_1tnlzyy._.js:2487
[  735507ms] [LOG] [Fast Refresh] rebuilding @ http://localhost:3001/_next/static/chunks/1dyb_next_dist_1tnlzyy._.js:2487
[  735528ms] [LOG] [Fast Refresh] done in 121ms @ http://localhost:3001/_next/static/chunks/1dyb_next_dist_1tnlzyy._.js:2487
[  742356ms] [LOG] [Fast Refresh] rebuilding @ http://localhost:3001/_next/static/chunks/1dyb_next_dist_1tnlzyy._.js:2487
[  743025ms] [LOG] [Fast Refresh] done in 779ms @ http://localhost:3001/_next/static/chunks/1dyb_next_dist_1tnlzyy._.js:2487
[  743689ms] [LOG] [Fast Refresh] rebuilding @ http://localhost:3001/_next/static/chunks/1dyb_next_dist_1tnlzyy._.js:2487
[  744310ms] [LOG] [Fast Refresh] done in 730ms @ http://localhost:3001/_next/static/chunks/1dyb_next_dist_1tnlzyy._.js:2487
[  744443ms] [LOG] [Fast Refresh] rebuilding @ http://localhost:3001/_next/static/chunks/1dyb_next_dist_1tnlzyy._.js:2487
[  744517ms] [LOG] [Fast Refresh] done in 184ms @ http://localhost:3001/_next/static/chunks/1dyb_next_dist_1tnlzyy._.js:2487
[  744647ms] [LOG] [Fast Refresh] rebuilding @ http://localhost:3001/_next/static/chunks/1dyb_next_dist_1tnlzyy._.js:2487
[  745146ms] [LOG] [Fast Refresh] done in 601ms @ http://localhost:3001/_next/static/chunks/1dyb_next_dist_1tnlzyy._.js:2487
[  745378ms] [LOG] [Fast Refresh] rebuilding @ http://localhost:3001/_next/static/chunks/1dyb_next_dist_1tnlzyy._.js:2487
[  745395ms] [LOG] [Fast Refresh] done in 120ms @ http://localhost:3001/_next/static/chunks/1dyb_next_dist_1tnlzyy._.js:2487
[  745511ms] [LOG] [Fast Refresh] rebuilding @ http://localhost:3001/_next/static/chunks/1dyb_next_dist_1tnlzyy._.js:2487
[  745698ms] [LOG] [Fast Refresh] done in 288ms @ http://localhost:3001/_next/static/chunks/1dyb_next_dist_1tnlzyy._.js:2487
[  745808ms] [LOG] [Fast Refresh] rebuilding @ http://localhost:3001/_next/static/chunks/1dyb_next_dist_1tnlzyy._.js:2487
[  745915ms] [LOG] [Fast Refresh] done in 216ms @ http://localhost:3001/_next/static/chunks/1dyb_next_dist_1tnlzyy._.js:2487
[  746023ms] [LOG] [Fast Refresh] rebuilding @ http://localhost:3001/_next/static/chunks/1dyb_next_dist_1tnlzyy._.js:2487
[  746081ms] [LOG] [Fast Refresh] done in 165ms @ http://localhost:3001/_next/static/chunks/1dyb_next_dist_1tnlzyy._.js:2487
[  746292ms] [LOG] [Fast Refresh] rebuilding @ http://localhost:3001/_next/static/chunks/1dyb_next_dist_1tnlzyy._.js:2487
[  746409ms] [LOG] [Fast Refresh] done in 229ms @ http://localhost:3001/_next/static/chunks/1dyb_next_dist_1tnlzyy._.js:2487
[  746608ms] [LOG] [Fast Refresh] rebuilding @ http://localhost:3001/_next/static/chunks/1dyb_next_dist_1tnlzyy._.js:2487
[  746731ms] [LOG] [Fast Refresh] done in 232ms @ http://localhost:3001/_next/static/chunks/1dyb_next_dist_1tnlzyy._.js:2487
[  746982ms] [LOG] [Fast Refresh] rebuilding @ http://localhost:3001/_next/static/chunks/1dyb_next_dist_1tnlzyy._.js:2487
[  747078ms] [LOG] [Fast Refresh] done in 200ms @ http://localhost:3001/_next/static/chunks/1dyb_next_dist_1tnlzyy._.js:2487
[  752452ms] [LOG] [Fast Refresh] rebuilding @ http://localhost:3001/_next/static/chunks/1dyb_next_dist_1tnlzyy._.js:2487
[  752464ms] [LOG] [Fast Refresh] done in 116ms @ http://localhost:3001/_next/static/chunks/1dyb_next_dist_1tnlzyy._.js:2487
[  784913ms] [LOG] [Fast Refresh] rebuilding @ http://localhost:3001/_next/static/chunks/1dyb_next_dist_1tnlzyy._.js:2487
[  785234ms] [LOG] [Fast Refresh] done in 427ms @ http://localhost:3001/_next/static/chunks/1dyb_next_dist_1tnlzyy._.js:2487
[  825038ms] [LOG] [Fast Refresh] rebuilding @ http://localhost:3001/_next/static/chunks/1dyb_next_dist_1tnlzyy._.js:2487
[  827258ms] [LOG] [Fast Refresh] done in 2334ms @ http://localhost:3001/_next/static/chunks/1dyb_next_dist_1tnlzyy._.js:2487
[ 1439133ms] [LOG] [Fast Refresh] rebuilding @ http://localhost:3001/_next/static/chunks/1dyb_next_dist_1tnlzyy._.js:2487
[ 1439137ms] [LOG] [Fast Refresh] done in 113ms @ http://localhost:3001/_next/static/chunks/1dyb_next_dist_1tnlzyy._.js:2487
[ 1490279ms] [LOG] [Fast Refresh] rebuilding @ http://localhost:3001/_next/static/chunks/1dyb_next_dist_1tnlzyy._.js:2487
[ 1490310ms] [LOG] [Fast Refresh] done in 132ms @ http://localhost:3001/_next/static/chunks/1dyb_next_dist_1tnlzyy._.js:2487
[ 1490412ms] [LOG] [Fast Refresh] rebuilding @ http://localhost:3001/_next/static/chunks/1dyb_next_dist_1tnlzyy._.js:2487
[ 1490425ms] [LOG] [Fast Refresh] done in 114ms @ http://localhost:3001/_next/static/chunks/1dyb_next_dist_1tnlzyy._.js:2487
